


ARM Macro Assembler    Page 1 


    1 00000000         ;****************** main.s ***************
    2 00000000         ; Program written by: ***Your Names**update this***
    3 00000000         ; Date Created: 2/4/2017
    4 00000000         ; Last Modified: 8/24/2018
    5 00000000         ; Brief description of the program
    6 00000000         ;   The LED toggles at 2 Hz and a varying duty-cycle
    7 00000000         ; Hardware connections (External: One button and one LED
                       )
    8 00000000         ;  PE2 is Button input  (1 means pressed, 0 means not pr
                       essed)
    9 00000000         ;  PE3 is LED output (1 activates external LED on protob
                       oard)
   10 00000000         ;  PF4 is builtin button SW1 on Launchpad (Internal) 
   11 00000000         ;        Negative Logic (0 means pressed, 1 means not pr
                       essed)
   12 00000000         ; Overall functionality of this system is to operate lik
                       e this
   13 00000000         ;   1) Make PE3 an output and make PE2 and PF4 inputs.
   14 00000000         ;   2) The system starts with the the LED toggling at 2H
                       z,
   15 00000000         ;      which is 2 times per second with a duty-cycle of 
                       30%.
   16 00000000         ;      Therefore, the LED is ON for 150ms and off for 35
                       0 ms.
   17 00000000         ;   3) When the button (PE2) is pressed-and-released inc
                       rease
   18 00000000         ;      the duty cycle by 20% (modulo 100%). Therefore fo
                       r each
   19 00000000         ;      press-and-release the duty cycle changes from 30%
                        to 70% to 70%
   20 00000000         ;      to 90% to 10% to 30% so on
   21 00000000         ;   4) Implement a "breathing LED" when SW1 (PF4) on the
                        Launchpad is pressed:
   22 00000000         ;      a) Be creative and play around with what "breathi
                       ng" means.
   23 00000000         ;         An example of "breathing" is most computers po
                       wer LED in sleep mode
   24 00000000         ;         (e.g., https://www.youtube.com/watch?v=ZT6siXy
                       IjvQ).
   25 00000000         ;      b) When (PF4) is released while in breathing mode
                       , resume blinking at 2Hz.
   26 00000000         ;         The duty cycle can either match the most recen
                       t duty-
   27 00000000         ;         cycle or reset to 30%.
   28 00000000         ;      TIP: debugging the breathing LED algorithm using 
                       the real board.
   29 00000000         ; PortE device registers
   30 00000000 400243FC 
                       GPIO_PORTE_DATA_R
                               EQU              0x400243FC
   31 00000000 40024400 
                       GPIO_PORTE_DIR_R
                               EQU              0x40024400
   32 00000000 40024420 
                       GPIO_PORTE_AFSEL_R
                               EQU              0x40024420
   33 00000000 4002451C 
                       GPIO_PORTE_DEN_R
                               EQU              0x4002451C



ARM Macro Assembler    Page 2 


   34 00000000         ; PortF device registers
   35 00000000 400253FC 
                       GPIO_PORTF_DATA_R
                               EQU              0x400253FC
   36 00000000 40025400 
                       GPIO_PORTF_DIR_R
                               EQU              0x40025400
   37 00000000 40025420 
                       GPIO_PORTF_AFSEL_R
                               EQU              0x40025420
   38 00000000 40025510 
                       GPIO_PORTF_PUR_R
                               EQU              0x40025510
   39 00000000 4002551C 
                       GPIO_PORTF_DEN_R
                               EQU              0x4002551C
   40 00000000 40025520 
                       GPIO_PORTF_LOCK_R
                               EQU              0x40025520
   41 00000000 40025524 
                       GPIO_PORTF_CR_R
                               EQU              0x40025524
   42 00000000 4C4F434B 
                       GPIO_LOCK_KEY
                               EQU              0x4C4F434B  ; Unlocks the GPIO_
                                                            CR register
   43 00000000 400FE608 
                       SYSCTL_RCGCGPIO_R
                               EQU              0x400FE608
   44 00000000         
   45 00000000         ;Duty Cycle Constants
   46 00000000 000F0886 
                       DUTY_10 EQU              0x000F0886  ;ON for 50ms
   47 00000000 002D1991 
                       DUTY_30 EQU              0x002D1991  ;ON for 150ms
   48 00000000 004B2A9C 
                       DUTY_50 EQU              0x004B2A9C  ;ON for 250ms
   49 00000000 00693BA8 
                       DUTY_70 EQU              0x00693BA8  ;ON for 350ms
   50 00000000 00874CB3 
                       DUTY_90 EQU              0x00874CB3  ;ON for 450ms
   51 00000000         
   52 00000000         ;Breathing Cycle Constants
   53 00000000 001E110B 
                       AIR_100 EQU              0x001E110B  ;100 ms
   54 00000000         
   55 00000000                 IMPORT           TExaS_Init
   56 00000000                 THUMB
   57 00000000                 AREA             DATA, ALIGN=2
   58 00000000         ;global variables go here
   59 00000000         
   60 00000000         
   61 00000000                 AREA             |.text|, CODE, READONLY, ALIGN=
2
   62 00000000                 THUMB
   63 00000000                 EXPORT           Start
   64 00000000         Start
   65 00000000         ; TExaS_Init sets bus clock at 80 MHz
   66 00000000 F7FF FFFE       BL               TExaS_Init  ; voltmeter, scope 



ARM Macro Assembler    Page 3 


                                                            on PD3
   67 00000004         ; Initialization goes here
   68 00000004         
   69 00000004 4955            LDR              R1, =SYSCTL_RCGCGPIO_R ;clock
   70 00000006 6808            LDR              R0, [R1]
   71 00000008 F040 0030       ORR              R0, R0, #0x30 ;setting bit 4 fo
                                                            r port E
   72 0000000C 6008            STR              R0, [R1]    ;storing to clock
   73 0000000E BF00            NOP                          ;delay for clock
   74 00000010 BF00            NOP
   75 00000012         
   76 00000012 4953            LDR              R1, =GPIO_PORTE_DIR_R
   77 00000014 F020 000C       BIC              R0, #0X0C
   78 00000018 F040 0008       ORR              R0, #0X08   ;0 input 1 output p
                                                            e3 output 
   79 0000001C 6008            STR              R0, [R1]
   80 0000001E         
   81 0000001E 4951            LDR              R1, =GPIO_PORTE_DEN_R
   82 00000020 F020 000C       BIC              R0, #0x0C
   83 00000024 F040 000C       ORR              R0, #0X0C
   84 00000028 6008            STR              R0, [R1]
   85 0000002A         
   86 0000002A 494F            LDR              R1, =GPIO_PORTF_DIR_R
   87 0000002C F020 0010       BIC              R0, #0X10
   88 00000030 F040 0010       ORR              R0, #0X10
   89 00000034 6008            STR              R0, [R1]
   90 00000036         
   91 00000036 494D            LDR              R1, =GPIO_PORTF_DEN_R
   92 00000038 F020 0010       BIC              R0, #0X10
   93 0000003C F040 0010       ORR              R0, #0X10
   94 00000040 6008            STR              R0, [R1]
   95 00000042         
   96 00000042         
   97 00000042 B662            CPSIE            I           ; TExaS voltmeter, 
                                                            scope runs on inter
                                                            rupts
   98 00000044         loop
   99 00000044         ; main engine goes here
  100 00000044         
  101 00000044 484A    next    LDR              R0, =DUTY_70 ;OFF Delay, in ms
  102 00000046 F000 F860       BL               Delay
  103 0000004A F000 F861       BL               Toggle
  104 0000004E 4849            LDR              R0, =DUTY_30 ;ON Delay, in ms
  105 00000050 F000 F85B       BL               Delay
  106 00000054 F000 F85C       BL               Toggle
  107 00000058 F001 0204       AND              R2, R1, #0x04
  108 0000005C 2A00            CMP              R2, #0
  109 0000005E D0F1            BEQ              next
  110 00000060 F000 F85C       BL               Loop1
  111 00000064         
  112 00000064 4844    next1   LDR              R0, =DUTY_50 ;ON & OFF Delay, i
                                                            n ms
  113 00000066 F000 F850       BL               Delay
  114 0000006A F000 F851       BL               Toggle
  115 0000006E F000 F866       BL               Check_F
  116 00000072 F001 0204       AND              R2, R1, #0x04
  117 00000076 2A00            CMP              R2, #0x00
  118 00000078 D0F4            BEQ              next1
  119 0000007A F000 F84F       BL               Loop1



ARM Macro Assembler    Page 4 


  120 0000007E         
  121 0000007E 483D    next2   LDR              R0, =DUTY_30 ;OFF Delay, in ms
  122 00000080 F000 F843       BL               Delay
  123 00000084 F000 F844       BL               Toggle
  124 00000088 F000 F859       BL               Check_F
  125 0000008C 4838            LDR              R0, =DUTY_70 ;ON Delay, in ms
  126 0000008E F000 F83C       BL               Delay
  127 00000092 F000 F83D       BL               Toggle
  128 00000096 F001 0204       AND              R2, R1, #0x04
  129 0000009A 2A00            CMP              R2, #0
  130 0000009C D0EF            BEQ              next2
  131 0000009E F000 F83D       BL               Loop1
  132 000000A2         
  133 000000A2 4836    next3   LDR              R0, =DUTY_10 ;OFF Delay, in ms
  134 000000A4 F000 F831       BL               Delay
  135 000000A8 F000 F832       BL               Toggle
  136 000000AC F000 F847       BL               Check_F
  137 000000B0 4833            LDR              R0, =DUTY_90 ;ON Delay, in ms
  138 000000B2 F000 F82A       BL               Delay
  139 000000B6 F000 F82B       BL               Toggle
  140 000000BA F001 0204       AND              R2, R1, #0x04
  141 000000BE 2A00            CMP              R2, #0
  142 000000C0 D0EF            BEQ              next3
  143 000000C2 F000 F82B       BL               Loop1
  144 000000C6         
  145 000000C6 482E    next4   LDR              R0, =DUTY_90 ;OFF Delay, in ms
  146 000000C8 F000 F81F       BL               Delay
  147 000000CC F000 F820       BL               Toggle
  148 000000D0 F000 F835       BL               Check_F
  149 000000D4 4829            LDR              R0, =DUTY_10 ;ON Delay, in ms
  150 000000D6 F000 F818       BL               Delay
  151 000000DA F000 F819       BL               Toggle
  152 000000DE F001 0204       AND              R2, R1, #0x04
  153 000000E2 2A00            CMP              R2, #0
  154 000000E4 D0EF            BEQ              next4
  155 000000E6 F000 F819       BL               Loop1
  156 000000EA         
  157 000000EA         
  158 000000EA         
  159 000000EA E7AB            B                loop
  160 000000EC         
  161 000000EC         B_LED
  162 000000EC         While
  163 000000EC F000 F82E       BL               Exit_F
  164 000000F0 4821            LDR              R0, =DUTY_50 ;OFF Delay, in ms
  165 000000F2 F000 F80A       BL               Delay
  166 000000F6 F000 F80B       BL               Toggle
  167 000000FA 481F            LDR              R0, =DUTY_50 ;ON Delay, in ms
  168 000000FC F000 F805       BL               Delay
  169 00000100 F000 F806       BL               Toggle
  170 00000104 F000 F822       BL               Exit_F
  171 00000108         
  172 00000108 E7F0            B                While
  173 0000010A         
  174 0000010A         
  175 0000010A         
  176 0000010A         ;B Breathing
  177 0000010A         
  178 0000010A         Delay



ARM Macro Assembler    Page 5 


  179 0000010A 1E40    wait    SUBS             R0, R0, #1
  180 0000010C D1FD            BNE              wait
  181 0000010E 4770            BX               LR
  182 00000110         
  183 00000110         Toggle
  184 00000110 481C            LDR              R0, =GPIO_PORTE_DATA_R 
                                                            ;Toggle LED at PE3
  185 00000112 6801            LDR              R1, [R0]
  186 00000114 F081 0108       EOR              R1, #0x08
  187 00000118 6001            STR              R1, [R0]
  188 0000011A 4770            BX               LR
  189 0000011C         
  190 0000011C         Loop1
  191 0000011C 4819            LDR              R0, =GPIO_PORTE_DATA_R 
                                                            ;Toggle LED at PE3
  192 0000011E B510            PUSH             {LR, R4}
  193 00000120 F000 F808       BL               LED_Off
  194 00000124 E8BD 4010       POP              {LR, R4}
  195 00000128 6801            LDR              R1, [R0]
  196 0000012A F001 0204       AND              R2, R1, #0x04
  197 0000012E 2A00            CMP              R2, #0
  198 00000130 D1F4            BNE              Loop1
  199 00000132 4770            BX               LR
  200 00000134         
  201 00000134         LED_Off
  202 00000134 6801            LDR              R1, [R0]
  203 00000136 F021 0108       BIC              R1, #0x08
  204 0000013A 6001            STR              R1, [R0]
  205 0000013C 4770            BX               LR
  206 0000013E         
  207 0000013E         Check_F
  208 0000013E 4812            LDR              R0, =GPIO_PORTF_DATA_R 
                                                            ;Toggle LED at PE3
  209 00000140 6801            LDR              R1, [R0]
  210 00000142 F001 0210       AND              R2, R1, #0x10
  211 00000146 2A00            CMP              R2, #0
  212 00000148 D1D0            BNE              B_LED
  213 0000014A 4770            BX               LR
  214 0000014C         
  215 0000014C         Exit_F
  216 0000014C 480E            LDR              R0, =GPIO_PORTF_DATA_R 
                                                            ;Toggle LED at PE3
  217 0000014E 6801            LDR              R1, [R0]
  218 00000150 F001 0210       AND              R2, R1, #0x10
  219 00000154 2A00            CMP              R2, #0
  220 00000156 F43F AF75       BEQ              next
  221 0000015A 4770            BX               LR
  222 0000015C         
  223 0000015C                 ALIGN                        ; make sure the end
                                                             of this section is
                                                             aligned
  224 0000015C                 END                          ; end of file
              400FE608 
              40024400 
              4002451C 
              40025400 
              4002551C 
              00693BA8 
              002D1991 



ARM Macro Assembler    Page 6 


              004B2A9C 
              000F0886 
              00874CB3 
              400243FC 
              400253FC 
Command Line: --debug --xref --diag_suppress=9931 --cpu=Cortex-M4 --apcs=interw
ork --depend=.\main.d -o.\main.o -I.\RTE\_Lab3 -IC:\Keil_v5\ARM\PACK\ARM\CMSIS\
5.3.0\CMSIS\Include -IC:\Keil_v5\ARM\PACK\Keil\TM4C_DFP\1.1.0\Device\Include\TM
4C123 --predefine="__EVAL SETA 1" --predefine="__UVISION_VERSION SETA 525" --pr
edefine="_RTE_ SETA 1" --predefine="TM4C123GH6PM SETA 1" --list=.\main.lst main
.s



ARM Macro Assembler    Page 1 Alphabetic symbol ordering
Relocatable symbols

DATA 00000000

Symbol: DATA
   Definitions
      At line 57 in file main.s
   Uses
      None
Comment: DATA unused
1 symbol



ARM Macro Assembler    Page 1 Alphabetic symbol ordering
Relocatable symbols

.text 00000000

Symbol: .text
   Definitions
      At line 61 in file main.s
   Uses
      None
Comment: .text unused
B_LED 000000EC

Symbol: B_LED
   Definitions
      At line 161 in file main.s
   Uses
      At line 212 in file main.s
Comment: B_LED used once
Check_F 0000013E

Symbol: Check_F
   Definitions
      At line 207 in file main.s
   Uses
      At line 115 in file main.s
      At line 124 in file main.s
      At line 136 in file main.s
      At line 148 in file main.s

Delay 0000010A

Symbol: Delay
   Definitions
      At line 178 in file main.s
   Uses
      At line 102 in file main.s
      At line 105 in file main.s
      At line 113 in file main.s
      At line 122 in file main.s
      At line 126 in file main.s
      At line 134 in file main.s
      At line 138 in file main.s
      At line 146 in file main.s
      At line 150 in file main.s
      At line 165 in file main.s
      At line 168 in file main.s

Exit_F 0000014C

Symbol: Exit_F
   Definitions
      At line 215 in file main.s
   Uses
      At line 163 in file main.s
      At line 170 in file main.s

LED_Off 00000134

Symbol: LED_Off
   Definitions
      At line 201 in file main.s



ARM Macro Assembler    Page 2 Alphabetic symbol ordering
Relocatable symbols

   Uses
      At line 193 in file main.s
Comment: LED_Off used once
Loop1 0000011C

Symbol: Loop1
   Definitions
      At line 190 in file main.s
   Uses
      At line 110 in file main.s
      At line 119 in file main.s
      At line 131 in file main.s
      At line 143 in file main.s
      At line 155 in file main.s
      At line 198 in file main.s

Start 00000000

Symbol: Start
   Definitions
      At line 64 in file main.s
   Uses
      At line 63 in file main.s
Comment: Start used once
Toggle 00000110

Symbol: Toggle
   Definitions
      At line 183 in file main.s
   Uses
      At line 103 in file main.s
      At line 106 in file main.s
      At line 114 in file main.s
      At line 123 in file main.s
      At line 127 in file main.s
      At line 135 in file main.s
      At line 139 in file main.s
      At line 147 in file main.s
      At line 151 in file main.s
      At line 166 in file main.s
      At line 169 in file main.s

While 000000EC

Symbol: While
   Definitions
      At line 162 in file main.s
   Uses
      At line 172 in file main.s
Comment: While used once
loop 00000044

Symbol: loop
   Definitions
      At line 98 in file main.s
   Uses
      At line 159 in file main.s
Comment: loop used once
next 00000044



ARM Macro Assembler    Page 3 Alphabetic symbol ordering
Relocatable symbols


Symbol: next
   Definitions
      At line 101 in file main.s
   Uses
      At line 109 in file main.s
      At line 220 in file main.s

next1 00000064

Symbol: next1
   Definitions
      At line 112 in file main.s
   Uses
      At line 118 in file main.s
Comment: next1 used once
next2 0000007E

Symbol: next2
   Definitions
      At line 121 in file main.s
   Uses
      At line 130 in file main.s
Comment: next2 used once
next3 000000A2

Symbol: next3
   Definitions
      At line 133 in file main.s
   Uses
      At line 142 in file main.s
Comment: next3 used once
next4 000000C6

Symbol: next4
   Definitions
      At line 145 in file main.s
   Uses
      At line 154 in file main.s
Comment: next4 used once
wait 0000010A

Symbol: wait
   Definitions
      At line 179 in file main.s
   Uses
      At line 180 in file main.s
Comment: wait used once
17 symbols



ARM Macro Assembler    Page 1 Alphabetic symbol ordering
Absolute symbols

AIR_100 001E110B

Symbol: AIR_100
   Definitions
      At line 53 in file main.s
   Uses
      None
Comment: AIR_100 unused
DUTY_10 000F0886

Symbol: DUTY_10
   Definitions
      At line 46 in file main.s
   Uses
      At line 133 in file main.s
      At line 149 in file main.s

DUTY_30 002D1991

Symbol: DUTY_30
   Definitions
      At line 47 in file main.s
   Uses
      At line 104 in file main.s
      At line 121 in file main.s

DUTY_50 004B2A9C

Symbol: DUTY_50
   Definitions
      At line 48 in file main.s
   Uses
      At line 112 in file main.s
      At line 164 in file main.s
      At line 167 in file main.s

DUTY_70 00693BA8

Symbol: DUTY_70
   Definitions
      At line 49 in file main.s
   Uses
      At line 101 in file main.s
      At line 125 in file main.s

DUTY_90 00874CB3

Symbol: DUTY_90
   Definitions
      At line 50 in file main.s
   Uses
      At line 137 in file main.s
      At line 145 in file main.s

GPIO_LOCK_KEY 4C4F434B

Symbol: GPIO_LOCK_KEY
   Definitions
      At line 42 in file main.s



ARM Macro Assembler    Page 2 Alphabetic symbol ordering
Absolute symbols

   Uses
      None
Comment: GPIO_LOCK_KEY unused
GPIO_PORTE_AFSEL_R 40024420

Symbol: GPIO_PORTE_AFSEL_R
   Definitions
      At line 32 in file main.s
   Uses
      None
Comment: GPIO_PORTE_AFSEL_R unused
GPIO_PORTE_DATA_R 400243FC

Symbol: GPIO_PORTE_DATA_R
   Definitions
      At line 30 in file main.s
   Uses
      At line 184 in file main.s
      At line 191 in file main.s

GPIO_PORTE_DEN_R 4002451C

Symbol: GPIO_PORTE_DEN_R
   Definitions
      At line 33 in file main.s
   Uses
      At line 81 in file main.s
Comment: GPIO_PORTE_DEN_R used once
GPIO_PORTE_DIR_R 40024400

Symbol: GPIO_PORTE_DIR_R
   Definitions
      At line 31 in file main.s
   Uses
      At line 76 in file main.s
Comment: GPIO_PORTE_DIR_R used once
GPIO_PORTF_AFSEL_R 40025420

Symbol: GPIO_PORTF_AFSEL_R
   Definitions
      At line 37 in file main.s
   Uses
      None
Comment: GPIO_PORTF_AFSEL_R unused
GPIO_PORTF_CR_R 40025524

Symbol: GPIO_PORTF_CR_R
   Definitions
      At line 41 in file main.s
   Uses
      None
Comment: GPIO_PORTF_CR_R unused
GPIO_PORTF_DATA_R 400253FC

Symbol: GPIO_PORTF_DATA_R
   Definitions
      At line 35 in file main.s
   Uses
      At line 208 in file main.s



ARM Macro Assembler    Page 3 Alphabetic symbol ordering
Absolute symbols

      At line 216 in file main.s

GPIO_PORTF_DEN_R 4002551C

Symbol: GPIO_PORTF_DEN_R
   Definitions
      At line 39 in file main.s
   Uses
      At line 91 in file main.s
Comment: GPIO_PORTF_DEN_R used once
GPIO_PORTF_DIR_R 40025400

Symbol: GPIO_PORTF_DIR_R
   Definitions
      At line 36 in file main.s
   Uses
      At line 86 in file main.s
Comment: GPIO_PORTF_DIR_R used once
GPIO_PORTF_LOCK_R 40025520

Symbol: GPIO_PORTF_LOCK_R
   Definitions
      At line 40 in file main.s
   Uses
      None
Comment: GPIO_PORTF_LOCK_R unused
GPIO_PORTF_PUR_R 40025510

Symbol: GPIO_PORTF_PUR_R
   Definitions
      At line 38 in file main.s
   Uses
      None
Comment: GPIO_PORTF_PUR_R unused
SYSCTL_RCGCGPIO_R 400FE608

Symbol: SYSCTL_RCGCGPIO_R
   Definitions
      At line 43 in file main.s
   Uses
      At line 69 in file main.s
Comment: SYSCTL_RCGCGPIO_R used once
19 symbols



ARM Macro Assembler    Page 1 Alphabetic symbol ordering
External symbols

TExaS_Init 00000000

Symbol: TExaS_Init
   Definitions
      At line 55 in file main.s
   Uses
      At line 66 in file main.s
Comment: TExaS_Init used once
1 symbol
374 symbols in table
